  console.warn
    Failed to fetch platform settings: ReferenceError: fetch is not defined
        at fetchSettings (D:\Project\VaidyaAI\frontend\components\AuthForm.tsx:24:21)
        at fetchSettings (D:\Project\VaidyaAI\frontend\components\AuthForm.tsx:33:5)
        at commitHookEffectListMount (D:\Project\VaidyaAI\frontend\node_modules\react-dom\cjs\react-dom.development.js:23150:26)
        at commitPassiveMountOnFiber (D:\Project\VaidyaAI\frontend\node_modules\react-dom\cjs\react-dom.development.js:24931:11)
        at commitPassiveMountEffects_complete (D:\Project\VaidyaAI\frontend\node_modules\react-dom\cjs\react-dom.development.js:24891:9)
        at commitPassiveMountEffects_begin (D:\Project\VaidyaAI\frontend\node_modules\react-dom\cjs\react-dom.development.js:24878:7)
        at commitPassiveMountEffects (D:\Project\VaidyaAI\frontend\node_modules\react-dom\cjs\react-dom.development.js:24866:3)
        at flushPassiveEffectsImpl (D:\Project\VaidyaAI\frontend\node_modules\react-dom\cjs\react-dom.development.js:27039:3)
        at flushPassiveEffects (D:\Project\VaidyaAI\frontend\node_modules\react-dom\cjs\react-dom.development.js:26984:14)
        at D:\Project\VaidyaAI\frontend\node_modules\react-dom\cjs\react-dom.development.js:26769:9
        at flushActQueue (D:\Project\VaidyaAI\frontend\node_modules\react\cjs\react.development.js:2667:24)
        at act (D:\Project\VaidyaAI\frontend\node_modules\react\cjs\react.development.js:2582:11)
        at D:\Project\VaidyaAI\frontend\node_modules\@testing-library\react\dist\act-compat.js:47:25
        at renderRoot (D:\Project\VaidyaAI\frontend\node_modules\@testing-library\react\dist\pure.js:180:26)
        at render (D:\Project\VaidyaAI\frontend\node_modules\@testing-library\react\dist\pure.js:271:10)
        at Object.<anonymous> (D:\Project\VaidyaAI\frontend\tests\unit\components\AuthForm.test.tsx:21:11)
        at Promise.then.completed (D:\Project\VaidyaAI\frontend\node_modules\jest-circus\build\utils.js:298:28)
        at new Promise (<anonymous>)
        at callAsyncCircusFn (D:\Project\VaidyaAI\frontend\node_modules\jest-circus\build\utils.js:231:10)
        at _callCircusTest (D:\Project\VaidyaAI\frontend\node_modules\jest-circus\build\run.js:316:40)
        at _runTest (D:\Project\VaidyaAI\frontend\node_modules\jest-circus\build\run.js:252:3)
        at _runTestsForDescribeBlock (D:\Project\VaidyaAI\frontend\node_modules\jest-circus\build\run.js:126:9)
        at _runTestsForDescribeBlock (D:\Project\VaidyaAI\frontend\node_modules\jest-circus\build\run.js:121:9)
        at run (D:\Project\VaidyaAI\frontend\node_modules\jest-circus\build\run.js:71:3)
        at runAndTransformResultsToJestFormat (D:\Project\VaidyaAI\frontend\node_modules\jest-circus\build\legacy-code-todo-rewrite\jestAdapterInit.js:122:21)
        at jestAdapter (D:\Project\VaidyaAI\frontend\node_modules\jest-circus\build\legacy-code-todo-rewrite\jestAdapter.js:79:19)
        at runTestInternal (D:\Project\VaidyaAI\frontend\node_modules\jest-runner\build\runTest.js:367:16)
        at runTest (D:\Project\VaidyaAI\frontend\node_modules\jest-runner\build\runTest.js:444:34)

    [0m [90m 28 |[39m         }
     [90m 29 |[39m       } [36mcatch[39m (err) {
    [31m[1m>[22m[39m[90m 30 |[39m         console[33m.[39mwarn([32m'Failed to fetch platform settings:'[39m[33m,[39m err)
     [90m    |[39m                 [31m[1m^[22m[39m
     [90m 31 |[39m       }
     [90m 32 |[39m     }
     [90m 33 |[39m     fetchSettings()[0m

      at warn (components/AuthForm.tsx:30:17)
      at fetchSettings (components/AuthForm.tsx:33:5)
      at commitHookEffectListMount (node_modules/react-dom/cjs/react-dom.development.js:23150:26)
      at commitPassiveMountOnFiber (node_modules/react-dom/cjs/react-dom.development.js:24931:11)
      at commitPassiveMountEffects_complete (node_modules/react-dom/cjs/react-dom.development.js:24891:9)
      at commitPassiveMountEffects_begin (node_modules/react-dom/cjs/react-dom.development.js:24878:7)
      at commitPassiveMountEffects (node_modules/react-dom/cjs/react-dom.development.js:24866:3)
      at flushPassiveEffectsImpl (node_modules/react-dom/cjs/react-dom.development.js:27039:3)
      at flushPassiveEffects (node_modules/react-dom/cjs/react-dom.development.js:26984:14)
      at node_modules/react-dom/cjs/react-dom.development.js:26769:9
      at flushActQueue (node_modules/react/cjs/react.development.js:2667:24)
      at act (node_modules/react/cjs/react.development.js:2582:11)
      at node_modules/@testing-library/react/dist/act-compat.js:47:25
      at renderRoot (node_modules/@testing-library/react/dist/pure.js:180:26)
      at render (node_modules/@testing-library/react/dist/pure.js:271:10)
      at Object.<anonymous> (tests/unit/components/AuthForm.test.tsx:21:11)

  console.warn
    Failed to fetch platform settings: ReferenceError: fetch is not defined
        at fetchSettings (D:\Project\VaidyaAI\frontend\components\AuthForm.tsx:24:21)
        at fetchSettings (D:\Project\VaidyaAI\frontend\components\AuthForm.tsx:33:5)
        at commitHookEffectListMount (D:\Project\VaidyaAI\frontend\node_modules\react-dom\cjs\react-dom.development.js:23150:26)
        at commitPassiveMountOnFiber (D:\Project\VaidyaAI\frontend\node_modules\react-dom\cjs\react-dom.development.js:24931:11)
        at commitPassiveMountEffects_complete (D:\Project\VaidyaAI\frontend\node_modules\react-dom\cjs\react-dom.development.js:24891:9)
        at commitPassiveMountEffects_begin (D:\Project\VaidyaAI\frontend\node_modules\react-dom\cjs\react-dom.development.js:24878:7)
        at commitPassiveMountEffects (D:\Project\VaidyaAI\frontend\node_modules\react-dom\cjs\react-dom.development.js:24866:3)
        at flushPassiveEffectsImpl (D:\Project\VaidyaAI\frontend\node_modules\react-dom\cjs\react-dom.development.js:27039:3)
        at flushPassiveEffects (D:\Project\VaidyaAI\frontend\node_modules\react-dom\cjs\react-dom.development.js:26984:14)
        at D:\Project\VaidyaAI\frontend\node_modules\react-dom\cjs\react-dom.development.js:26769:9
        at flushActQueue (D:\Project\VaidyaAI\frontend\node_modules\react\cjs\react.development.js:2667:24)
        at act (D:\Project\VaidyaAI\frontend\node_modules\react\cjs\react.development.js:2582:11)
        at D:\Project\VaidyaAI\frontend\node_modules\@testing-library\react\dist\act-compat.js:47:25
        at renderRoot (D:\Project\VaidyaAI\frontend\node_modules\@testing-library\react\dist\pure.js:180:26)
        at render (D:\Project\VaidyaAI\frontend\node_modules\@testing-library\react\dist\pure.js:271:10)
        at Object.<anonymous> (D:\Project\VaidyaAI\frontend\tests\unit\components\AuthForm.test.tsx:31:11)
        at Promise.then.completed (D:\Project\VaidyaAI\frontend\node_modules\jest-circus\build\utils.js:298:28)
        at new Promise (<anonymous>)
        at callAsyncCircusFn (D:\Project\VaidyaAI\frontend\node_modules\jest-circus\build\utils.js:231:10)
        at _callCircusTest (D:\Project\VaidyaAI\frontend\node_modules\jest-circus\build\run.js:316:40)
        at _runTest (D:\Project\VaidyaAI\frontend\node_modules\jest-circus\build\run.js:252:3)
        at _runTestsForDescribeBlock (D:\Project\VaidyaAI\frontend\node_modules\jest-circus\build\run.js:126:9)
        at _runTestsForDescribeBlock (D:\Project\VaidyaAI\frontend\node_modules\jest-circus\build\run.js:121:9)
        at run (D:\Project\VaidyaAI\frontend\node_modules\jest-circus\build\run.js:71:3)
        at runAndTransformResultsToJestFormat (D:\Project\VaidyaAI\frontend\node_modules\jest-circus\build\legacy-code-todo-rewrite\jestAdapterInit.js:122:21)
        at jestAdapter (D:\Project\VaidyaAI\frontend\node_modules\jest-circus\build\legacy-code-todo-rewrite\jestAdapter.js:79:19)
        at runTestInternal (D:\Project\VaidyaAI\frontend\node_modules\jest-runner\build\runTest.js:367:16)
        at runTest (D:\Project\VaidyaAI\frontend\node_modules\jest-runner\build\runTest.js:444:34)

    [0m [90m 28 |[39m         }
     [90m 29 |[39m       } [36mcatch[39m (err) {
    [31m[1m>[22m[39m[90m 30 |[39m         console[33m.[39mwarn([32m'Failed to fetch platform settings:'[39m[33m,[39m err)
     [90m    |[39m                 [31m[1m^[22m[39m
     [90m 31 |[39m       }
     [90m 32 |[39m     }
     [90m 33 |[39m     fetchSettings()[0m

      at warn (components/AuthForm.tsx:30:17)
      at fetchSettings (components/AuthForm.tsx:33:5)
      at commitHookEffectListMount (node_modules/react-dom/cjs/react-dom.development.js:23150:26)
      at commitPassiveMountOnFiber (node_modules/react-dom/cjs/react-dom.development.js:24931:11)
      at commitPassiveMountEffects_complete (node_modules/react-dom/cjs/react-dom.development.js:24891:9)
      at commitPassiveMountEffects_begin (node_modules/react-dom/cjs/react-dom.development.js:24878:7)
      at commitPassiveMountEffects (node_modules/react-dom/cjs/react-dom.development.js:24866:3)
      at flushPassiveEffectsImpl (node_modules/react-dom/cjs/react-dom.development.js:27039:3)
      at flushPassiveEffects (node_modules/react-dom/cjs/react-dom.development.js:26984:14)
      at node_modules/react-dom/cjs/react-dom.development.js:26769:9
      at flushActQueue (node_modules/react/cjs/react.development.js:2667:24)
      at act (node_modules/react/cjs/react.development.js:2582:11)
      at node_modules/@testing-library/react/dist/act-compat.js:47:25
      at renderRoot (node_modules/@testing-library/react/dist/pure.js:180:26)
      at render (node_modules/@testing-library/react/dist/pure.js:271:10)
      at Object.<anonymous> (tests/unit/components/AuthForm.test.tsx:31:11)

  console.warn
    Failed to fetch platform settings: ReferenceError: fetch is not defined
        at fetchSettings (D:\Project\VaidyaAI\frontend\components\AuthForm.tsx:24:21)
        at fetchSettings (D:\Project\VaidyaAI\frontend\components\AuthForm.tsx:33:5)
        at commitHookEffectListMount (D:\Project\VaidyaAI\frontend\node_modules\react-dom\cjs\react-dom.development.js:23150:26)
        at commitPassiveMountOnFiber (D:\Project\VaidyaAI\frontend\node_modules\react-dom\cjs\react-dom.development.js:24931:11)
        at commitPassiveMountEffects_complete (D:\Project\VaidyaAI\frontend\node_modules\react-dom\cjs\react-dom.development.js:24891:9)
        at commitPassiveMountEffects_begin (D:\Project\VaidyaAI\frontend\node_modules\react-dom\cjs\react-dom.development.js:24878:7)
        at commitPassiveMountEffects (D:\Project\VaidyaAI\frontend\node_modules\react-dom\cjs\react-dom.development.js:24866:3)
        at flushPassiveEffectsImpl (D:\Project\VaidyaAI\frontend\node_modules\react-dom\cjs\react-dom.development.js:27039:3)
        at flushPassiveEffects (D:\Project\VaidyaAI\frontend\node_modules\react-dom\cjs\react-dom.development.js:26984:14)
        at D:\Project\VaidyaAI\frontend\node_modules\react-dom\cjs\react-dom.development.js:26769:9
        at flushActQueue (D:\Project\VaidyaAI\frontend\node_modules\react\cjs\react.development.js:2667:24)
        at act (D:\Project\VaidyaAI\frontend\node_modules\react\cjs\react.development.js:2582:11)
        at D:\Project\VaidyaAI\frontend\node_modules\@testing-library\react\dist\act-compat.js:47:25
        at renderRoot (D:\Project\VaidyaAI\frontend\node_modules\@testing-library\react\dist\pure.js:180:26)
        at render (D:\Project\VaidyaAI\frontend\node_modules\@testing-library\react\dist\pure.js:271:10)
        at Object.<anonymous> (D:\Project\VaidyaAI\frontend\tests\unit\components\AuthForm.test.tsx:44:11)
        at Promise.then.completed (D:\Project\VaidyaAI\frontend\node_modules\jest-circus\build\utils.js:298:28)
        at new Promise (<anonymous>)
        at callAsyncCircusFn (D:\Project\VaidyaAI\frontend\node_modules\jest-circus\build\utils.js:231:10)
        at _callCircusTest (D:\Project\VaidyaAI\frontend\node_modules\jest-circus\build\run.js:316:40)
        at _runTest (D:\Project\VaidyaAI\frontend\node_modules\jest-circus\build\run.js:252:3)
        at _runTestsForDescribeBlock (D:\Project\VaidyaAI\frontend\node_modules\jest-circus\build\run.js:126:9)
        at _runTestsForDescribeBlock (D:\Project\VaidyaAI\frontend\node_modules\jest-circus\build\run.js:121:9)
        at run (D:\Project\VaidyaAI\frontend\node_modules\jest-circus\build\run.js:71:3)
        at runAndTransformResultsToJestFormat (D:\Project\VaidyaAI\frontend\node_modules\jest-circus\build\legacy-code-todo-rewrite\jestAdapterInit.js:122:21)
        at jestAdapter (D:\Project\VaidyaAI\frontend\node_modules\jest-circus\build\legacy-code-todo-rewrite\jestAdapter.js:79:19)
        at runTestInternal (D:\Project\VaidyaAI\frontend\node_modules\jest-runner\build\runTest.js:367:16)
        at runTest (D:\Project\VaidyaAI\frontend\node_modules\jest-runner\build\runTest.js:444:34)

    [0m [90m 28 |[39m         }
     [90m 29 |[39m       } [36mcatch[39m (err) {
    [31m[1m>[22m[39m[90m 30 |[39m         console[33m.[39mwarn([32m'Failed to fetch platform settings:'[39m[33m,[39m err)
     [90m    |[39m                 [31m[1m^[22m[39m
     [90m 31 |[39m       }
     [90m 32 |[39m     }
     [90m 33 |[39m     fetchSettings()[0m

      at warn (components/AuthForm.tsx:30:17)
      at fetchSettings (components/AuthForm.tsx:33:5)
      at commitHookEffectListMount (node_modules/react-dom/cjs/react-dom.development.js:23150:26)
      at commitPassiveMountOnFiber (node_modules/react-dom/cjs/react-dom.development.js:24931:11)
      at commitPassiveMountEffects_complete (node_modules/react-dom/cjs/react-dom.development.js:24891:9)
      at commitPassiveMountEffects_begin (node_modules/react-dom/cjs/react-dom.development.js:24878:7)
      at commitPassiveMountEffects (node_modules/react-dom/cjs/react-dom.development.js:24866:3)
      at flushPassiveEffectsImpl (node_modules/react-dom/cjs/react-dom.development.js:27039:3)
      at flushPassiveEffects (node_modules/react-dom/cjs/react-dom.development.js:26984:14)
      at node_modules/react-dom/cjs/react-dom.development.js:26769:9
      at flushActQueue (node_modules/react/cjs/react.development.js:2667:24)
      at act (node_modules/react/cjs/react.development.js:2582:11)
      at node_modules/@testing-library/react/dist/act-compat.js:47:25
      at renderRoot (node_modules/@testing-library/react/dist/pure.js:180:26)
      at render (node_modules/@testing-library/react/dist/pure.js:271:10)
      at Object.<anonymous> (tests/unit/components/AuthForm.test.tsx:44:11)

  console.warn
    Failed to fetch platform settings: ReferenceError: fetch is not defined
        at fetchSettings (D:\Project\VaidyaAI\frontend\components\AuthForm.tsx:24:21)
        at fetchSettings (D:\Project\VaidyaAI\frontend\components\AuthForm.tsx:33:5)
        at commitHookEffectListMount (D:\Project\VaidyaAI\frontend\node_modules\react-dom\cjs\react-dom.development.js:23150:26)
        at commitPassiveMountOnFiber (D:\Project\VaidyaAI\frontend\node_modules\react-dom\cjs\react-dom.development.js:24931:11)
        at commitPassiveMountEffects_complete (D:\Project\VaidyaAI\frontend\node_modules\react-dom\cjs\react-dom.development.js:24891:9)
        at commitPassiveMountEffects_begin (D:\Project\VaidyaAI\frontend\node_modules\react-dom\cjs\react-dom.development.js:24878:7)
        at commitPassiveMountEffects (D:\Project\VaidyaAI\frontend\node_modules\react-dom\cjs\react-dom.development.js:24866:3)
        at flushPassiveEffectsImpl (D:\Project\VaidyaAI\frontend\node_modules\react-dom\cjs\react-dom.development.js:27039:3)
        at flushPassiveEffects (D:\Project\VaidyaAI\frontend\node_modules\react-dom\cjs\react-dom.development.js:26984:14)
        at D:\Project\VaidyaAI\frontend\node_modules\react-dom\cjs\react-dom.development.js:26769:9
        at flushActQueue (D:\Project\VaidyaAI\frontend\node_modules\react\cjs\react.development.js:2667:24)
        at act (D:\Project\VaidyaAI\frontend\node_modules\react\cjs\react.development.js:2582:11)
        at D:\Project\VaidyaAI\frontend\node_modules\@testing-library\react\dist\act-compat.js:47:25
        at renderRoot (D:\Project\VaidyaAI\frontend\node_modules\@testing-library\react\dist\pure.js:180:26)
        at render (D:\Project\VaidyaAI\frontend\node_modules\@testing-library\react\dist\pure.js:271:10)
        at Object.<anonymous> (D:\Project\VaidyaAI\frontend\tests\unit\components\AuthForm.test.tsx:64:11)
        at Promise.then.completed (D:\Project\VaidyaAI\frontend\node_modules\jest-circus\build\utils.js:298:28)
        at new Promise (<anonymous>)
        at callAsyncCircusFn (D:\Project\VaidyaAI\frontend\node_modules\jest-circus\build\utils.js:231:10)
        at _callCircusTest (D:\Project\VaidyaAI\frontend\node_modules\jest-circus\build\run.js:316:40)
        at _runTest (D:\Project\VaidyaAI\frontend\node_modules\jest-circus\build\run.js:252:3)
        at _runTestsForDescribeBlock (D:\Project\VaidyaAI\frontend\node_modules\jest-circus\build\run.js:126:9)
        at _runTestsForDescribeBlock (D:\Project\VaidyaAI\frontend\node_modules\jest-circus\build\run.js:121:9)
        at run (D:\Project\VaidyaAI\frontend\node_modules\jest-circus\build\run.js:71:3)
        at runAndTransformResultsToJestFormat (D:\Project\VaidyaAI\frontend\node_modules\jest-circus\build\legacy-code-todo-rewrite\jestAdapterInit.js:122:21)
        at jestAdapter (D:\Project\VaidyaAI\frontend\node_modules\jest-circus\build\legacy-code-todo-rewrite\jestAdapter.js:79:19)
        at runTestInternal (D:\Project\VaidyaAI\frontend\node_modules\jest-runner\build\runTest.js:367:16)
        at runTest (D:\Project\VaidyaAI\frontend\node_modules\jest-runner\build\runTest.js:444:34)

    [0m [90m 28 |[39m         }
     [90m 29 |[39m       } [36mcatch[39m (err) {
    [31m[1m>[22m[39m[90m 30 |[39m         console[33m.[39mwarn([32m'Failed to fetch platform settings:'[39m[33m,[39m err)
     [90m    |[39m                 [31m[1m^[22m[39m
     [90m 31 |[39m       }
     [90m 32 |[39m     }
     [90m 33 |[39m     fetchSettings()[0m

      at warn (components/AuthForm.tsx:30:17)
      at fetchSettings (components/AuthForm.tsx:33:5)
      at commitHookEffectListMount (node_modules/react-dom/cjs/react-dom.development.js:23150:26)
      at commitPassiveMountOnFiber (node_modules/react-dom/cjs/react-dom.development.js:24931:11)
      at commitPassiveMountEffects_complete (node_modules/react-dom/cjs/react-dom.development.js:24891:9)
      at commitPassiveMountEffects_begin (node_modules/react-dom/cjs/react-dom.development.js:24878:7)
      at commitPassiveMountEffects (node_modules/react-dom/cjs/react-dom.development.js:24866:3)
      at flushPassiveEffectsImpl (node_modules/react-dom/cjs/react-dom.development.js:27039:3)
      at flushPassiveEffects (node_modules/react-dom/cjs/react-dom.development.js:26984:14)
      at node_modules/react-dom/cjs/react-dom.development.js:26769:9
      at flushActQueue (node_modules/react/cjs/react.development.js:2667:24)
      at act (node_modules/react/cjs/react.development.js:2582:11)
      at node_modules/@testing-library/react/dist/act-compat.js:47:25
      at renderRoot (node_modules/@testing-library/react/dist/pure.js:180:26)
      at render (node_modules/@testing-library/react/dist/pure.js:271:10)
      at Object.<anonymous> (tests/unit/components/AuthForm.test.tsx:64:11)

  console.warn
    Failed to fetch platform settings: ReferenceError: fetch is not defined
        at fetchSettings (D:\Project\VaidyaAI\frontend\components\AuthForm.tsx:24:21)
        at fetchSettings (D:\Project\VaidyaAI\frontend\components\AuthForm.tsx:33:5)
        at commitHookEffectListMount (D:\Project\VaidyaAI\frontend\node_modules\react-dom\cjs\react-dom.development.js:23150:26)
        at commitPassiveMountOnFiber (D:\Project\VaidyaAI\frontend\node_modules\react-dom\cjs\react-dom.development.js:24931:11)
        at commitPassiveMountEffects_complete (D:\Project\VaidyaAI\frontend\node_modules\react-dom\cjs\react-dom.development.js:24891:9)
        at commitPassiveMountEffects_begin (D:\Project\VaidyaAI\frontend\node_modules\react-dom\cjs\react-dom.development.js:24878:7)
        at commitPassiveMountEffects (D:\Project\VaidyaAI\frontend\node_modules\react-dom\cjs\react-dom.development.js:24866:3)
        at flushPassiveEffectsImpl (D:\Project\VaidyaAI\frontend\node_modules\react-dom\cjs\react-dom.development.js:27039:3)
        at flushPassiveEffects (D:\Project\VaidyaAI\frontend\node_modules\react-dom\cjs\react-dom.development.js:26984:14)
        at D:\Project\VaidyaAI\frontend\node_modules\react-dom\cjs\react-dom.development.js:26769:9
        at flushActQueue (D:\Project\VaidyaAI\frontend\node_modules\react\cjs\react.development.js:2667:24)
        at act (D:\Project\VaidyaAI\frontend\node_modules\react\cjs\react.development.js:2582:11)
        at D:\Project\VaidyaAI\frontend\node_modules\@testing-library\react\dist\act-compat.js:47:25
        at renderRoot (D:\Project\VaidyaAI\frontend\node_modules\@testing-library\react\dist\pure.js:180:26)
        at render (D:\Project\VaidyaAI\frontend\node_modules\@testing-library\react\dist\pure.js:271:10)
        at Object.<anonymous> (D:\Project\VaidyaAI\frontend\tests\unit\components\AuthForm.test.tsx:92:11)
        at Promise.then.completed (D:\Project\VaidyaAI\frontend\node_modules\jest-circus\build\utils.js:298:28)
        at new Promise (<anonymous>)
        at callAsyncCircusFn (D:\Project\VaidyaAI\frontend\node_modules\jest-circus\build\utils.js:231:10)
        at _callCircusTest (D:\Project\VaidyaAI\frontend\node_modules\jest-circus\build\run.js:316:40)
        at _runTest (D:\Project\VaidyaAI\frontend\node_modules\jest-circus\build\run.js:252:3)
        at _runTestsForDescribeBlock (D:\Project\VaidyaAI\frontend\node_modules\jest-circus\build\run.js:126:9)
        at _runTestsForDescribeBlock (D:\Project\VaidyaAI\frontend\node_modules\jest-circus\build\run.js:121:9)
        at run (D:\Project\VaidyaAI\frontend\node_modules\jest-circus\build\run.js:71:3)
        at runAndTransformResultsToJestFormat (D:\Project\VaidyaAI\frontend\node_modules\jest-circus\build\legacy-code-todo-rewrite\jestAdapterInit.js:122:21)
        at jestAdapter (D:\Project\VaidyaAI\frontend\node_modules\jest-circus\build\legacy-code-todo-rewrite\jestAdapter.js:79:19)
        at runTestInternal (D:\Project\VaidyaAI\frontend\node_modules\jest-runner\build\runTest.js:367:16)
        at runTest (D:\Project\VaidyaAI\frontend\node_modules\jest-runner\build\runTest.js:444:34)

    [0m [90m 28 |[39m         }
     [90m 29 |[39m       } [36mcatch[39m (err) {
    [31m[1m>[22m[39m[90m 30 |[39m         console[33m.[39mwarn([32m'Failed to fetch platform settings:'[39m[33m,[39m err)
     [90m    |[39m                 [31m[1m^[22m[39m
     [90m 31 |[39m       }
     [90m 32 |[39m     }
     [90m 33 |[39m     fetchSettings()[0m

      at warn (components/AuthForm.tsx:30:17)
      at fetchSettings (components/AuthForm.tsx:33:5)
      at commitHookEffectListMount (node_modules/react-dom/cjs/react-dom.development.js:23150:26)
      at commitPassiveMountOnFiber (node_modules/react-dom/cjs/react-dom.development.js:24931:11)
      at commitPassiveMountEffects_complete (node_modules/react-dom/cjs/react-dom.development.js:24891:9)
      at commitPassiveMountEffects_begin (node_modules/react-dom/cjs/react-dom.development.js:24878:7)
      at commitPassiveMountEffects (node_modules/react-dom/cjs/react-dom.development.js:24866:3)
      at flushPassiveEffectsImpl (node_modules/react-dom/cjs/react-dom.development.js:27039:3)
      at flushPassiveEffects (node_modules/react-dom/cjs/react-dom.development.js:26984:14)
      at node_modules/react-dom/cjs/react-dom.development.js:26769:9
      at flushActQueue (node_modules/react/cjs/react.development.js:2667:24)
      at act (node_modules/react/cjs/react.development.js:2582:11)
      at node_modules/@testing-library/react/dist/act-compat.js:47:25
      at renderRoot (node_modules/@testing-library/react/dist/pure.js:180:26)
      at render (node_modules/@testing-library/react/dist/pure.js:271:10)
      at Object.<anonymous> (tests/unit/components/AuthForm.test.tsx:92:11)

  console.warn
    Failed to fetch platform settings: ReferenceError: fetch is not defined
        at fetchSettings (D:\Project\VaidyaAI\frontend\components\AuthForm.tsx:24:21)
        at fetchSettings (D:\Project\VaidyaAI\frontend\components\AuthForm.tsx:33:5)
        at commitHookEffectListMount (D:\Project\VaidyaAI\frontend\node_modules\react-dom\cjs\react-dom.development.js:23150:26)
        at commitPassiveMountOnFiber (D:\Project\VaidyaAI\frontend\node_modules\react-dom\cjs\react-dom.development.js:24931:11)
        at commitPassiveMountEffects_complete (D:\Project\VaidyaAI\frontend\node_modules\react-dom\cjs\react-dom.development.js:24891:9)
        at commitPassiveMountEffects_begin (D:\Project\VaidyaAI\frontend\node_modules\react-dom\cjs\react-dom.development.js:24878:7)
        at commitPassiveMountEffects (D:\Project\VaidyaAI\frontend\node_modules\react-dom\cjs\react-dom.development.js:24866:3)
        at flushPassiveEffectsImpl (D:\Project\VaidyaAI\frontend\node_modules\react-dom\cjs\react-dom.development.js:27039:3)
        at flushPassiveEffects (D:\Project\VaidyaAI\frontend\node_modules\react-dom\cjs\react-dom.development.js:26984:14)
        at D:\Project\VaidyaAI\frontend\node_modules\react-dom\cjs\react-dom.development.js:26769:9
        at flushActQueue (D:\Project\VaidyaAI\frontend\node_modules\react\cjs\react.development.js:2667:24)
        at act (D:\Project\VaidyaAI\frontend\node_modules\react\cjs\react.development.js:2582:11)
        at D:\Project\VaidyaAI\frontend\node_modules\@testing-library\react\dist\act-compat.js:47:25
        at renderRoot (D:\Project\VaidyaAI\frontend\node_modules\@testing-library\react\dist\pure.js:180:26)
        at render (D:\Project\VaidyaAI\frontend\node_modules\@testing-library\react\dist\pure.js:271:10)
        at Object.<anonymous> (D:\Project\VaidyaAI\frontend\tests\unit\components\AuthForm.test.tsx:130:11)
        at Promise.then.completed (D:\Project\VaidyaAI\frontend\node_modules\jest-circus\build\utils.js:298:28)
        at new Promise (<anonymous>)
        at callAsyncCircusFn (D:\Project\VaidyaAI\frontend\node_modules\jest-circus\build\utils.js:231:10)
        at _callCircusTest (D:\Project\VaidyaAI\frontend\node_modules\jest-circus\build\run.js:316:40)
        at _runTest (D:\Project\VaidyaAI\frontend\node_modules\jest-circus\build\run.js:252:3)
        at _runTestsForDescribeBlock (D:\Project\VaidyaAI\frontend\node_modules\jest-circus\build\run.js:126:9)
        at _runTestsForDescribeBlock (D:\Project\VaidyaAI\frontend\node_modules\jest-circus\build\run.js:121:9)
        at run (D:\Project\VaidyaAI\frontend\node_modules\jest-circus\build\run.js:71:3)
        at runAndTransformResultsToJestFormat (D:\Project\VaidyaAI\frontend\node_modules\jest-circus\build\legacy-code-todo-rewrite\jestAdapterInit.js:122:21)
        at jestAdapter (D:\Project\VaidyaAI\frontend\node_modules\jest-circus\build\legacy-code-todo-rewrite\jestAdapter.js:79:19)
        at runTestInternal (D:\Project\VaidyaAI\frontend\node_modules\jest-runner\build\runTest.js:367:16)
        at runTest (D:\Project\VaidyaAI\frontend\node_modules\jest-runner\build\runTest.js:444:34)

    [0m [90m 28 |[39m         }
     [90m 29 |[39m       } [36mcatch[39m (err) {
    [31m[1m>[22m[39m[90m 30 |[39m         console[33m.[39mwarn([32m'Failed to fetch platform settings:'[39m[33m,[39m err)
     [90m    |[39m                 [31m[1m^[22m[39m
     [90m 31 |[39m       }
     [90m 32 |[39m     }
     [90m 33 |[39m     fetchSettings()[0m

      at warn (components/AuthForm.tsx:30:17)
      at fetchSettings (components/AuthForm.tsx:33:5)
      at commitHookEffectListMount (node_modules/react-dom/cjs/react-dom.development.js:23150:26)
      at commitPassiveMountOnFiber (node_modules/react-dom/cjs/react-dom.development.js:24931:11)
      at commitPassiveMountEffects_complete (node_modules/react-dom/cjs/react-dom.development.js:24891:9)
      at commitPassiveMountEffects_begin (node_modules/react-dom/cjs/react-dom.development.js:24878:7)
      at commitPassiveMountEffects (node_modules/react-dom/cjs/react-dom.development.js:24866:3)
      at flushPassiveEffectsImpl (node_modules/react-dom/cjs/react-dom.development.js:27039:3)
      at flushPassiveEffects (node_modules/react-dom/cjs/react-dom.development.js:26984:14)
      at node_modules/react-dom/cjs/react-dom.development.js:26769:9
      at flushActQueue (node_modules/react/cjs/react.development.js:2667:24)
      at act (node_modules/react/cjs/react.development.js:2582:11)
      at node_modules/@testing-library/react/dist/act-compat.js:47:25
      at renderRoot (node_modules/@testing-library/react/dist/pure.js:180:26)
      at render (node_modules/@testing-library/react/dist/pure.js:271:10)
      at Object.<anonymous> (tests/unit/components/AuthForm.test.tsx:130:11)

  console.warn
    Failed to fetch platform settings: ReferenceError: fetch is not defined
        at fetchSettings (D:\Project\VaidyaAI\frontend\components\AuthForm.tsx:24:21)
        at fetchSettings (D:\Project\VaidyaAI\frontend\components\AuthForm.tsx:33:5)
        at commitHookEffectListMount (D:\Project\VaidyaAI\frontend\node_modules\react-dom\cjs\react-dom.development.js:23150:26)
        at commitPassiveMountOnFiber (D:\Project\VaidyaAI\frontend\node_modules\react-dom\cjs\react-dom.development.js:24931:11)
        at commitPassiveMountEffects_complete (D:\Project\VaidyaAI\frontend\node_modules\react-dom\cjs\react-dom.development.js:24891:9)
        at commitPassiveMountEffects_begin (D:\Project\VaidyaAI\frontend\node_modules\react-dom\cjs\react-dom.development.js:24878:7)
        at commitPassiveMountEffects (D:\Project\VaidyaAI\frontend\node_modules\react-dom\cjs\react-dom.development.js:24866:3)
        at flushPassiveEffectsImpl (D:\Project\VaidyaAI\frontend\node_modules\react-dom\cjs\react-dom.development.js:27039:3)
        at flushPassiveEffects (D:\Project\VaidyaAI\frontend\node_modules\react-dom\cjs\react-dom.development.js:26984:14)
        at D:\Project\VaidyaAI\frontend\node_modules\react-dom\cjs\react-dom.development.js:26769:9
        at flushActQueue (D:\Project\VaidyaAI\frontend\node_modules\react\cjs\react.development.js:2667:24)
        at act (D:\Project\VaidyaAI\frontend\node_modules\react\cjs\react.development.js:2582:11)
        at D:\Project\VaidyaAI\frontend\node_modules\@testing-library\react\dist\act-compat.js:47:25
        at renderRoot (D:\Project\VaidyaAI\frontend\node_modules\@testing-library\react\dist\pure.js:180:26)
        at render (D:\Project\VaidyaAI\frontend\node_modules\@testing-library\react\dist\pure.js:271:10)
        at Object.<anonymous> (D:\Project\VaidyaAI\frontend\tests\unit\components\AuthForm.test.tsx:153:11)
        at Promise.then.completed (D:\Project\VaidyaAI\frontend\node_modules\jest-circus\build\utils.js:298:28)
        at new Promise (<anonymous>)
        at callAsyncCircusFn (D:\Project\VaidyaAI\frontend\node_modules\jest-circus\build\utils.js:231:10)
        at _callCircusTest (D:\Project\VaidyaAI\frontend\node_modules\jest-circus\build\run.js:316:40)
        at _runTest (D:\Project\VaidyaAI\frontend\node_modules\jest-circus\build\run.js:252:3)
        at _runTestsForDescribeBlock (D:\Project\VaidyaAI\frontend\node_modules\jest-circus\build\run.js:126:9)
        at _runTestsForDescribeBlock (D:\Project\VaidyaAI\frontend\node_modules\jest-circus\build\run.js:121:9)
        at run (D:\Project\VaidyaAI\frontend\node_modules\jest-circus\build\run.js:71:3)
        at runAndTransformResultsToJestFormat (D:\Project\VaidyaAI\frontend\node_modules\jest-circus\build\legacy-code-todo-rewrite\jestAdapterInit.js:122:21)
        at jestAdapter (D:\Project\VaidyaAI\frontend\node_modules\jest-circus\build\legacy-code-todo-rewrite\jestAdapter.js:79:19)
        at runTestInternal (D:\Project\VaidyaAI\frontend\node_modules\jest-runner\build\runTest.js:367:16)
        at runTest (D:\Project\VaidyaAI\frontend\node_modules\jest-runner\build\runTest.js:444:34)

    [0m [90m 28 |[39m         }
     [90m 29 |[39m       } [36mcatch[39m (err) {
    [31m[1m>[22m[39m[90m 30 |[39m         console[33m.[39mwarn([32m'Failed to fetch platform settings:'[39m[33m,[39m err)
     [90m    |[39m                 [31m[1m^[22m[39m
     [90m 31 |[39m       }
     [90m 32 |[39m     }
     [90m 33 |[39m     fetchSettings()[0m

      at warn (components/AuthForm.tsx:30:17)
      at fetchSettings (components/AuthForm.tsx:33:5)
      at commitHookEffectListMount (node_modules/react-dom/cjs/react-dom.development.js:23150:26)
      at commitPassiveMountOnFiber (node_modules/react-dom/cjs/react-dom.development.js:24931:11)
      at commitPassiveMountEffects_complete (node_modules/react-dom/cjs/react-dom.development.js:24891:9)
      at commitPassiveMountEffects_begin (node_modules/react-dom/cjs/react-dom.development.js:24878:7)
      at commitPassiveMountEffects (node_modules/react-dom/cjs/react-dom.development.js:24866:3)
      at flushPassiveEffectsImpl (node_modules/react-dom/cjs/react-dom.development.js:27039:3)
      at flushPassiveEffects (node_modules/react-dom/cjs/react-dom.development.js:26984:14)
      at node_modules/react-dom/cjs/react-dom.development.js:26769:9
      at flushActQueue (node_modules/react/cjs/react.development.js:2667:24)
      at act (node_modules/react/cjs/react.development.js:2582:11)
      at node_modules/@testing-library/react/dist/act-compat.js:47:25
      at renderRoot (node_modules/@testing-library/react/dist/pure.js:180:26)
      at render (node_modules/@testing-library/react/dist/pure.js:271:10)
      at Object.<anonymous> (tests/unit/components/AuthForm.test.tsx:153:11)

  console.warn
    Failed to fetch platform settings: ReferenceError: fetch is not defined
        at fetchSettings (D:\Project\VaidyaAI\frontend\components\AuthForm.tsx:24:21)
        at fetchSettings (D:\Project\VaidyaAI\frontend\components\AuthForm.tsx:33:5)
        at commitHookEffectListMount (D:\Project\VaidyaAI\frontend\node_modules\react-dom\cjs\react-dom.development.js:23150:26)
        at commitPassiveMountOnFiber (D:\Project\VaidyaAI\frontend\node_modules\react-dom\cjs\react-dom.development.js:24931:11)
        at commitPassiveMountEffects_complete (D:\Project\VaidyaAI\frontend\node_modules\react-dom\cjs\react-dom.development.js:24891:9)
        at commitPassiveMountEffects_begin (D:\Project\VaidyaAI\frontend\node_modules\react-dom\cjs\react-dom.development.js:24878:7)
        at commitPassiveMountEffects (D:\Project\VaidyaAI\frontend\node_modules\react-dom\cjs\react-dom.development.js:24866:3)
        at flushPassiveEffectsImpl (D:\Project\VaidyaAI\frontend\node_modules\react-dom\cjs\react-dom.development.js:27039:3)
        at flushPassiveEffects (D:\Project\VaidyaAI\frontend\node_modules\react-dom\cjs\react-dom.development.js:26984:14)
        at D:\Project\VaidyaAI\frontend\node_modules\react-dom\cjs\react-dom.development.js:26769:9
        at flushActQueue (D:\Project\VaidyaAI\frontend\node_modules\react\cjs\react.development.js:2667:24)
        at act (D:\Project\VaidyaAI\frontend\node_modules\react\cjs\react.development.js:2582:11)
        at D:\Project\VaidyaAI\frontend\node_modules\@testing-library\react\dist\act-compat.js:47:25
        at renderRoot (D:\Project\VaidyaAI\frontend\node_modules\@testing-library\react\dist\pure.js:180:26)
        at render (D:\Project\VaidyaAI\frontend\node_modules\@testing-library\react\dist\pure.js:271:10)
        at Object.<anonymous> (D:\Project\VaidyaAI\frontend\tests\unit\components\AuthForm.test.tsx:179:11)
        at Promise.then.completed (D:\Project\VaidyaAI\frontend\node_modules\jest-circus\build\utils.js:298:28)
        at new Promise (<anonymous>)
        at callAsyncCircusFn (D:\Project\VaidyaAI\frontend\node_modules\jest-circus\build\utils.js:231:10)
        at _callCircusTest (D:\Project\VaidyaAI\frontend\node_modules\jest-circus\build\run.js:316:40)
        at _runTest (D:\Project\VaidyaAI\frontend\node_modules\jest-circus\build\run.js:252:3)
        at _runTestsForDescribeBlock (D:\Project\VaidyaAI\frontend\node_modules\jest-circus\build\run.js:126:9)
        at _runTestsForDescribeBlock (D:\Project\VaidyaAI\frontend\node_modules\jest-circus\build\run.js:121:9)
        at run (D:\Project\VaidyaAI\frontend\node_modules\jest-circus\build\run.js:71:3)
        at runAndTransformResultsToJestFormat (D:\Project\VaidyaAI\frontend\node_modules\jest-circus\build\legacy-code-todo-rewrite\jestAdapterInit.js:122:21)
        at jestAdapter (D:\Project\VaidyaAI\frontend\node_modules\jest-circus\build\legacy-code-todo-rewrite\jestAdapter.js:79:19)
        at runTestInternal (D:\Project\VaidyaAI\frontend\node_modules\jest-runner\build\runTest.js:367:16)
        at runTest (D:\Project\VaidyaAI\frontend\node_modules\jest-runner\build\runTest.js:444:34)

    [0m [90m 28 |[39m         }
     [90m 29 |[39m       } [36mcatch[39m (err) {
    [31m[1m>[22m[39m[90m 30 |[39m         console[33m.[39mwarn([32m'Failed to fetch platform settings:'[39m[33m,[39m err)
     [90m    |[39m                 [31m[1m^[22m[39m
     [90m 31 |[39m       }
     [90m 32 |[39m     }
     [90m 33 |[39m     fetchSettings()[0m

      at warn (components/AuthForm.tsx:30:17)
      at fetchSettings (components/AuthForm.tsx:33:5)
      at commitHookEffectListMount (node_modules/react-dom/cjs/react-dom.development.js:23150:26)
      at commitPassiveMountOnFiber (node_modules/react-dom/cjs/react-dom.development.js:24931:11)
      at commitPassiveMountEffects_complete (node_modules/react-dom/cjs/react-dom.development.js:24891:9)
      at commitPassiveMountEffects_begin (node_modules/react-dom/cjs/react-dom.development.js:24878:7)
      at commitPassiveMountEffects (node_modules/react-dom/cjs/react-dom.development.js:24866:3)
      at flushPassiveEffectsImpl (node_modules/react-dom/cjs/react-dom.development.js:27039:3)
      at flushPassiveEffects (node_modules/react-dom/cjs/react-dom.development.js:26984:14)
      at node_modules/react-dom/cjs/react-dom.development.js:26769:9
      at flushActQueue (node_modules/react/cjs/react.development.js:2667:24)
      at act (node_modules/react/cjs/react.development.js:2582:11)
      at node_modules/@testing-library/react/dist/act-compat.js:47:25
      at renderRoot (node_modules/@testing-library/react/dist/pure.js:180:26)
      at render (node_modules/@testing-library/react/dist/pure.js:271:10)
      at Object.<anonymous> (tests/unit/components/AuthForm.test.tsx:179:11)

node.exe : FAIL tests/unit/components/AuthForm.test.tsx
At line:1 char:1
+ & "C:\Program Files\nodejs/node.exe" "C:\Users\nayan\AppData\Roaming\ ...
+ ~~~~~~~~~~~~~~~~~~~~~~~~~~~~~~~~~~~~~~~~~~~~~~~~~~~~~~~~~~~~~~~~~~~~~
    + CategoryInfo          : NotSpecified: (FAIL tests/unit...thForm.test.tsx:String) [], RemoteException
    + FullyQualifiedErrorId : NativeCommandError
 
  AuthForm
    ΓêÜ renders login form by default (175 ms)
    ΓêÜ switches to register mode when toggle button is clicked (54 ms)
    ΓêÜ switches back to login mode from register mode (34 ms)
    ΓêÜ calls signInWithPassword on login form submission (98 ms)
    ├ù calls signUp on register form submission (1034 ms)
    ΓêÜ displays error message on login failure (51 ms)
    ΓêÜ displays error message on registration failure (40 ms)
    ΓêÜ disables submit button while loading (26 ms)

  ΓùÅ AuthForm ΓÇ║ calls signUp on register form submission

    expect(jest.fn()).toHaveBeenCalled()

    Expected number of calls: >= 1
    Received number of calls:    0

    Ignored nodes: comments, script, style
    [36m<html>[39m
      [36m<head />[39m
      [36m<body>[39m
        [36m<div>[39m
          [36m<div[39m
            [33mclass[39m=[32m"jsx-8657a691df9c6264 bg-[var(--cream-card)] w-full max-w-[440px] px-10 py-12 rounded-[32px] 
shadow-[0_32px_64px_-16px_rgba(0,0,0,0.06),0_0_0_1px_rgba(0,0,0,0.02)] relative overflow-hidden animate-[fadeIn_0.8s_ease-out] border 
border-[var(--cream-accent-soft)]"[39m
          [36m>[39m
            [36m<div[39m
              [33mclass[39m=[32m"jsx-8657a691df9c6264 text-center mb-10"[39m
            [36m>[39m
              [36m<div[39m
                [33mclass[39m=[32m"jsx-8657a691df9c6264 flex flex-col items-center text-[26px] font-bold text-[var(--cream-text-main)] mb-3 
tracking-tight"[39m
              [36m>[39m
                [36m<div[39m
                  [33mclass[39m=[32m"jsx-8657a691df9c6264 mb-4 w-12 h-12 bg-[var(--cream-accent-soft)] rounded-2xl flex items-center 
justify-center text-[var(--cream-text-main)]"[39m
                [36m>[39m
                  [36m<svg[39m
                    [33mclass[39m=[32m"jsx-8657a691df9c6264"[39m
                    [33mfill[39m=[32m"none"[39m
                    [33mheight[39m=[32m"24"[39m
                    [33mstroke[39m=[32m"currentColor"[39m
                    [33mstroke-linecap[39m=[32m"round"[39m
                    [33mstroke-linejoin[39m=[32m"round"[39m
                    [33mstroke-width[39m=[32m"2.5"[39m
                    [33mviewBox[39m=[32m"0 0 24 24"[39m
                    [33mwidth[39m=[32m"24"[39m
                  [36m>[39m
                    [36m<path[39m
                      [33mclass[39m=[32m"jsx-8657a691df9c6264"[39m
                      [33md[39m=[32m"M22 12h-4l-3 9L9 3l-3 9H2"[39m
                    [36m/>[39m
                  [36m</svg>[39m
                [36m</div>[39m
                [36m<h2[39m
                  [33mclass[39m=[32m"jsx-8657a691df9c6264 font-extrabold"[39m
                [36m>[39m
                  [0mGet Started[0m
                [36m</h2>[39m
              [36m</div>[39m
              [36m<p[39m
                [33mclass[39m=[32m"jsx-8657a691df9c6264 text-[var(--cream-text-muted)] text-[15px] leading-relaxed font-medium"[39m
              [36m>[39m
                [0mJoin the future of medical education.[0m
              [36m</p>[39m
            [36m</div>[39m
            [36m<form[39m
              [33mclass[39m=[32m"jsx-8657a691df9c6264 flex flex-col gap-5"[39m
            [36m>[39m
              [36m<div[39m
                [33mclass[39m=[32m"jsx-8657a691df9c6264 flex flex-col gap-2"[39m
              [36m>[39m
                [36m<label[39m
                  [33mclass[39m=[32m"jsx-8657a691df9c6264 text-[13px] font-bold text-[var(--cream-text-muted)] uppercase tracking-widest ml-1"[39m
                  [33mfor[39m=[32m"name"[39m
                [36m>[39m
                  [0mFull Name[0m
                [36m</label>[39m
                [36m<input[39m
                  [33mautocomplete[39m=[32m"name"[39m
                  [33mclass[39m=[32m"jsx-8657a691df9c6264 px-5 py-4 border-2 border-[var(--cream-accent-soft)] rounded-2xl text-[15px] font-medium 
transition-all outline-none text-[var(--cream-text-main)] bg-[var(--cream-bg)] focus:border-[var(--cream-accent)] focus:bg-white 
placeholder:text-gray-300"[39m
                  [33mid[39m=[32m"name"[39m
                  [33mplaceholder[39m=[32m"Dr. John Doe"[39m
                  [33mrequired[39m=[32m""[39m
                  [33mtype[39m=[32m"text"[39m
                  [33mvalue[39m=[32m"Test User"[39m
                [36m/>[39m
              [36m</div>[39m
              [36m<div[39m
                [33mclass[39m=[32m"jsx-8657a691df9c6264 flex flex-col gap-2"[39m
              [36m>[39m
                [36m<label[39m
                  [33mclass[39m=[32m"jsx-8657a691df9c6264 text-[13px] font-bold text-[var(--cream-text-muted)] uppercase tracking-widest ml-1"[39m
                  [33mfor[39m=[32m"email"[39m
                [36m>[39m
                  [0mEmail Address[0m
                [36m</label>[39m
                [36m<input[39m
                  [33mautocomplete[39m=[32m"email"[39m
                  [33mclass[39m=[32m"jsx-8657a691df9c6264 px-5 py-4 border-2 border-[var(--cream-accent-soft)] rounded-2xl text-[15px] font-medium 
transition-all outline-none text-[var(--cream-text-main)] bg-[var(--cream-bg)] focus:border-[var(--cream-accent)] focus:bg-white 
placeholder:text-gray-300"[39m
                  [33mid[39m=[32m"email"[39m
                  [33mplaceholder[39m=[32m"name@university.edu"[39m
                  [33mrequired[39m=[32m""[39m
                  [33mtype[39m=[32m"email"[39m
                  [33mvalue[39m=[32m"test@example.com"[39m
                [36m/>[39m
              [36m</div>[39m
              [36m<div[39m
                [33mclass[39m=[32m"jsx-8657a691df9c6264 flex flex-col gap-2"[39m
              [36m>[39m
                [36m<div[39m
                  [33mclass[39m=[32m"jsx-8657a691df9c6264 flex justify-between items-center ml-1"[39m
                [36m>[39m
                  [36m<label[39m
                    [33mclass[39m=[32m"jsx-8657a691df9c6264 text-[13px] font-bold text-[var(--cream-text-muted)] uppercase tracking-widest"[39m
                    [33mfor[39m=[32m"password"[39m
                  [36m>[39m
                    [0mPassword[0m
                  [36m</label>[39m
                [36m</div>[39m
                [36m<input[39m
                  [33mautocomplete[39m=[32m"new-password"[39m
                  [33mclass[39m=[32m"jsx-8657a691df9c6264 px-5 py-4 border-2 border-[var(--cream-accent-soft)] rounded-2xl text-[15px] font-medium 
transition-all outline-none text-[var(--cream-text-main)] bg-[var(--cream-bg)] focus:border-[var(--cream-accent)] focus:bg-white 
placeholder:text-gray-300"[39m
                  [33mid[39m=[32m"password"[39m
                  [33mminlength[39m=[32m"6"[39m
                  [33mplaceholder[39m=[32m"ΓÇóΓÇóΓÇóΓÇóΓÇóΓÇóΓÇóΓÇó"[39m
                  [33mrequired[39m=[32m""[39m
                  [33mtype[39m=[32m"password"[39m
                  [33mvalue[39m=[32m"password123"[39m
                [36m/>[39m
              [36m</div>[39m
              [36m<div[39m
                [33mclass[39m=[32m"jsx-8657a691df9c6264 bg-red-50 border border-red-100 text-red-600 px-4 py-4 rounded-2xl text-[13px] font-bold 
animate-[shake_0.4s_cubic-bezier(.36,.07,.19,.97)_both] flex items-center gap-3"[39m
              [36m>[39m
                [36m<svg[39m
                  [33mclass[39m=[32m"jsx-8657a691df9c6264"[39m
                  [33mfill[39m=[32m"none"[39m
                  [33mheight[39m=[32m"18"[39m
                  [33mstroke[39m=[32m"currentColor"[39m
                  [33mstroke-linecap[39m=[32m"round"[39m
                  [33mstroke-linejoin[39m=[32m"round"[39m
                  [33mstroke-width[39m=[32m"2.5"[39m
                  [33mviewBox[39m=[32m"0 0 24 24"[39m
                  [33mwidth[39m=[32m"18"[39m
                [36m>[39m
                  [36m<circle[39m
                    [33mclass[39m=[32m"jsx-8657a691df9c6264"[39m
                    [33mcx[39m=[32m"12"[39m
                    [33mcy[39m=[32m"12"[39m
                    [33mr[39m=[32m"10"[39m
                  [36m/>[39m
                  [36m<line[39m
                    [33mclass[39m=[32m"jsx-8657a691df9c6264"[39m
                    [33mx1[39m=[32m"12"[39m
                    [33mx2[39m=[32m"12"[39m
                    [33my1[39m=[32m"8"[39m
                    [33my2[39m=[32m"12"[39m
                  [36m/>[39m
                  [36m<line[39m
                    [33mclass[39m=[32m"jsx-8657a691df9c6264"[39m
                    [33mx1[39m=[32m"12"[39m
                    [33mx2[39m=[32m"12.01"[39m
                    [33my1[39m=[32m"16"[39m
                    [33my2[39m=[32m"16"[39m
                  [36m/>[39m
                [36m</svg>[39m
                [0m_supabase.supabase.auth.getSession is not a function[0m
              [36m</div>[39m
              [36m<button[39m
                [33mclass[39m=[32m"jsx-8657a691df9c6264 bg-[var(--cream-text-main)] text-white px-6 py-4 rounded-2xl text-[16px] font-bold 
cursor-pointer transition-all mt-3 flex items-center justify-center gap-3 shadow-xl hover:bg-black hover:-translate-y-0.5 active:translate-y-0 
disabled:bg-gray-100 disabled:text-gray-400 disabled:cursor-not-allowed disabled:transform-none disabled:shadow-none"[39m
                [33mtype[39m=[32m"submit"[39m
              [36m>[39m
                [36m<span[39m
                  [33mclass[39m=[32m"jsx-8657a691df9c6264"[39m
                [36m>[39m
                  [0mCreate Account[0m
                [36m</span>[39m
              [36m</button>[39m
            [36m</form>[39m
            [36m<div[39m
              [33mclass[39m=[32m"jsx-8657a691df9c6264 mt-10 text-center"[39m
            [36m>[39m
              [36m<p[39m
                [33mclass[39m=[32m"jsx-8657a691df9c6264 text-[14px] font-medium text-[var(--cream-text-muted)]"[39m
              [36m>[39m
                [0mAlready have an account?[0m
                [36m<button[39m
                  [33mclass[39m=[32m"jsx-8657a691df9c6264 ml-2 font-bold text-[var(--cream-text-main)] hover:underline border-none bg-transparent 
cursor-pointer"[39m
                  [33mtype[39m=[32m"button"[39m
                [36m>[39m
                  [0mLog in here[0m
                [36m</button>[39m
              [36m</p>[39m
            [36m</div>[39m
          [36m</div>[39m
        [36m</div>[39m
      [36m</body>[39m
    [36m</html>[39m

    [0m [90m 117 |[39m         }[33m,[39m
     [90m 118 |[39m       })
    [31m[1m>[22m[39m[90m 119 |[39m       expect(onSuccess)[33m.[39mtoHaveBeenCalled()
     [90m     |[39m                         [31m[1m^[22m[39m
     [90m 120 |[39m     })
     [90m 121 |[39m   })
     [90m 122 |[39m[0m

      at toHaveBeenCalled (tests/unit/components/AuthForm.test.tsx:119:25)
      at runWithExpensiveErrorDiagnosticsDisabled (node_modules/@testing-library/dom/dist/config.js:47:12)
      at checkCallback (node_modules/@testing-library/dom/dist/wait-for.js:124:77)
      at checkRealTimersCallback (node_modules/@testing-library/dom/dist/wait-for.js:118:16)
      at Timeout.task [as _onTimeout] (node_modules/jsdom/lib/jsdom/browser/Window.js:520:19)

Test Suites: 1 failed, 1 total
Tests:       1 failed, 7 passed, 8 total
Snapshots:   0 total
Time:        3.324 s
Ran all test suites matching /tests\\unit\\components\\AuthForm.test.tsx/i.
